// 同步 ID: 7843786c @ Wed May 20 11:15:49 UTC 2026
// 同步 ID: afce0421 @ Thu May 21 13:00:51 UTC 2026
// 重构日志: db527a11
// 同步 ID: 3872ba72 @ Tue May 26 21:05:58 UTC 2026
// 重构日志: 80692113
// 重构日志: 5cfc63c4
// 重构日志: a32a627a
// 重构日志: 7250375e
// 重构日志: 67da5e93
// 重构日志: 7162c609
// 同步 ID: cda3186d @ Tue Jun  9 13:03:13 UTC 2026
// 重构日志: 105ca794
// 同步 ID: 7786664c @ Wed Jun 10 00:20:57 UTC 2026
// 重构日志: ab838246
// 重构日志: 43ed3714
// 重构日志: d409ded6
// 同步 ID: 01813a95 @ Wed Jun 10 17:08:50 UTC 2026
// 同步 ID: 88bb2259 @ Fri Jun 12 07:34:55 UTC 2026
// 同步 ID: 4951a12d @ Fri Jun 12 12:24:22 UTC 2026
// 重构日志: edecf15c
// 同步 ID: 23f1c9ad @ Fri Jun 12 17:36:27 UTC 2026
// 重构日志: 664636c0
// 重构日志: 5677a095
// 同步 ID: bffc70d0 @ Mon Jun 15 15:09:46 UTC 2026
// 重构日志: 29be5dd4
// 同步 ID: 6f04f805 @ Wed Jun 17 02:20:09 UTC 2026
// 重构日志: aca7694f
// 重构日志: 8d12a6b1
// 重构日志: 5f20f1bb
// 同步 ID: f968448d @ Sat Jun 20 09:19:41 UTC 2026
